/home/ubuntu/Django_project/myblog/blog/views.py changed, reloading.
Performing system checks...

Watching for file changes with StatReloader
[22/Aug/2025 00:41:13] "GET / HTTP/1.1" 200 4302
[22/Aug/2025 00:41:17] "GET /post/7/ HTTP/1.1" 200 14167
[22/Aug/2025 00:41:19] "GET /edit/7/ HTTP/1.1" 200 7979
[22/Aug/2025 00:41:26] "GET /post/6/ HTTP/1.1" 200 8666
[22/Aug/2025 00:41:27] "GET /delete/6/ HTTP/1.1" 200 1868
[22/Aug/2025 00:41:28] "POST /delete/6/ HTTP/1.1" 302 0
[22/Aug/2025 00:41:28] "GET /posts/ HTTP/1.1" 200 4278
[22/Aug/2025 00:41:30] "GET /post/5/ HTTP/1.1" 200 8666
[22/Aug/2025 00:41:34] "GET /edit/5/ HTTP/1.1" 200 2654
[22/Aug/2025 00:41:42] "POST /edit/5/ HTTP/1.1" 302 0
[22/Aug/2025 00:41:42] "GET /post/5/ HTTP/1.1" 200 8674
[22/Aug/2025 00:41:48] "GET / HTTP/1.1" 200 4310
[22/Aug/2025 00:41:51] "GET /posts/ HTTP/1.1" 200 4286
[22/Aug/2025 00:42:37] "GET / HTTP/1.1" 200 4310
[22/Aug/2025 00:43:09] "GET / HTTP/1.1" 200 4319
[22/Aug/2025 00:43:11] "GET / HTTP/1.1" 200 4319
[22/Aug/2025 00:43:12] "GET /posts/ HTTP/1.1" 200 4286
[22/Aug/2025 00:43:13] "GET /about/ HTTP/1.1" 200 2781
[22/Aug/2025 00:43:15] "GET / HTTP/1.1" 200 4319
[22/Aug/2025 00:43:44] "GET / HTTP/1.1" 200 4319
[22/Aug/2025 00:43:45] "GET /posts/ HTTP/1.1" 200 4286
[22/Aug/2025 00:43:48] "GET / HTTP/1.1" 200 4319
[22/Aug/2025 00:43:49] "GET / HTTP/1.1" 200 4319
[22/Aug/2025 00:43:58] "GET / HTTP/1.1" 200 4375
[22/Aug/2025 00:44:00] "GET /posts/ HTTP/1.1" 200 4286
[22/Aug/2025 00:44:02] "GET / HTTP/1.1" 200 4375
[22/Aug/2025 00:44:41] "GET / HTTP/1.1" 200 4319
[22/Aug/2025 00:44:48] "GET / HTTP/1.1" 200 4618
[22/Aug/2025 00:44:50] "GET / HTTP/1.1" 200 4618
[22/Aug/2025 00:44:51] "GET /posts/ HTTP/1.1" 200 4286
[22/Aug/2025 00:44:52] "GET /about/ HTTP/1.1" 200 2781
[22/Aug/2025 00:46:05] "GET /edit/7/ HTTP/1.1" 302 0
[22/Aug/2025 00:46:05] "GET / HTTP/1.1" 200 4618
[22/Aug/2025 00:46:07] "GET /posts/ HTTP/1.1" 200 4286
[22/Aug/2025 00:46:08] "GET /about/ HTTP/1.1" 200 2781
[22/Aug/2025 00:46:10] "GET /about/ HTTP/1.1" 200 2781
[22/Aug/2025 00:46:11] "GET /contact/ HTTP/1.1" 200 3461
[22/Aug/2025 00:46:12] "GET /about/ HTTP/1.1" 200 2781
[22/Aug/2025 00:46:12] "GET /contact/ HTTP/1.1" 200 3461
[22/Aug/2025 00:46:13] "GET /about/ HTTP/1.1" 200 2781
[22/Aug/2025 00:46:15] "GET /contact/ HTTP/1.1" 200 3461
[22/Aug/2025 00:46:15] "GET /profile/ HTTP/1.1" 200 2996
[22/Aug/2025 00:46:17] "GET /about/ HTTP/1.1" 200 2781
[22/Aug/2025 00:47:16] "GET /about/ HTTP/1.1" 200 2881
[22/Aug/2025 00:47:18] "GET / HTTP/1.1" 200 4618
[22/Aug/2025 00:47:20] "GET /posts/ HTTP/1.1" 200 4286
[22/Aug/2025 00:47:22] "GET /posts/ HTTP/1.1" 200 4286
[22/Aug/2025 00:47:26] "GET /posts/ HTTP/1.1" 200 4286
[22/Aug/2025 00:47:27] "GET /about/ HTTP/1.1" 200 2881
[22/Aug/2025 00:47:41] "GET /about/ HTTP/1.1" 200 2881
[22/Aug/2025 00:47:42] "GET /contact/ HTTP/1.1" 200 3561
[22/Aug/2025 00:47:45] "GET /profile/ HTTP/1.1" 200 2996
[22/Aug/2025 00:47:51] "GET /profile/ HTTP/1.1" 200 2996
[22/Aug/2025 00:47:52] "GET /contact/ HTTP/1.1" 200 3561
[22/Aug/2025 00:48:00] "GET / HTTP/1.1" 200 4618
[22/Aug/2025 00:48:01] "GET /profile/ HTTP/1.1" 200 3096
[22/Aug/2025 00:48:04] "GET /profile/ HTTP/1.1" 200 3096
[22/Aug/2025 00:48:06] "GET /contact/ HTTP/1.1" 200 3561
[22/Aug/2025 00:48:52] "GET /contact/ HTTP/1.1" 200 3561
[22/Aug/2025 00:49:15] "GET / HTTP/1.1" 200 4618
[22/Aug/2025 00:49:17] "GET /post/7/ HTTP/1.1" 200 14316
[22/Aug/2025 00:49:21] "GET / HTTP/1.1" 200 4618
/home/ubuntu/Django_project/myblog/blog/views.py changed, reloading.
Performing system checks...

System check identified no issues (0 silenced).
August 22, 2025 - 00:41:07
Django version 5.2.5, using settings 'myblog.settings'
Starting development server at http://0.0.0.0:8000/
Quit the server with CONTROL-C.

WARNING: This is a development server. Do not use it in a production setting. Use a production WSGI or ASGI server instead.
For more information on production servers see: https://docs.djangoproject.com/en/5.2/howto/deployment/
Watching for file changes with StatReloader
[22/Aug/2025 00:49:46] "GET / HTTP/1.1" 200 4319
/home/ubuntu/Django_project/myblog/blog/urls.py changed, reloading.
Performing system checks...

System check identified no issues (0 silenced).
August 22, 2025 - 00:49:44
Django version 5.2.5, using settings 'myblog.settings'
Starting development server at http://0.0.0.0:8000/
Quit the server with CONTROL-C.

WARNING: This is a development server. Do not use it in a production setting. Use a production WSGI or ASGI server instead.
For more information on production servers see: https://docs.djangoproject.com/en/5.2/howto/deployment/
Watching for file changes with StatReloader
/home/ubuntu/Django_project/myblog/blog/urls.py changed, reloading.
Performing system checks...

System check identified no issues (0 silenced).
August 22, 2025 - 00:49:53
Django version 5.2.5, using settings 'myblog.settings'
Starting development server at http://0.0.0.0:8000/
Quit the server with CONTROL-C.

WARNING: This is a development server. Do not use it in a production setting. Use a production WSGI or ASGI server instead.
For more information on production servers see: https://docs.djangoproject.com/en/5.2/howto/deployment/
Watching for file changes with StatReloader
[22/Aug/2025 00:50:01] "GET / HTTP/1.1" 200 4310
[22/Aug/2025 00:50:02] "GET /posts/ HTTP/1.1" 200 4286
[22/Aug/2025 00:50:04] "GET /about/ HTTP/1.1" 200 2781
[22/Aug/2025 00:50:06] "GET /posts/ HTTP/1.1" 200 4286
[22/Aug/2025 00:50:34] "GET / HTTP/1.1" 200 4310
[22/Aug/2025 00:50:35] "GET /posts/ HTTP/1.1" 200 4286
[22/Aug/2025 00:51:08] "GET /posts/ HTTP/1.1" 200 4875
[22/Aug/2025 00:51:52] "GET /posts/ HTTP/1.1" 200 4758
[22/Aug/2025 00:51:54] "GET /posts/ HTTP/1.1" 200 4758
[22/Aug/2025 00:52:36] "GET /posts/ HTTP/1.1" 200 4922
[22/Aug/2025 00:52:47] "GET /posts/ HTTP/1.1" 200 5222
[22/Aug/2025 00:53:26] "GET /profile/ HTTP/1.1" 200 2996
[22/Aug/2025 00:53:27] "GET /contact/ HTTP/1.1" 200 3461
[22/Aug/2025 00:53:28] "GET /profile/ HTTP/1.1" 200 2996
[22/Aug/2025 00:54:18] "GET /profile/ HTTP/1.1" 200 3196
[22/Aug/2025 00:54:20] "GET /profile/ HTTP/1.1" 200 3196
[22/Aug/2025 00:55:47] "GET /profile/ HTTP/1.1" 200 3290
[22/Aug/2025 00:55:48] "GET /profile/ HTTP/1.1" 200 3290
[22/Aug/2025 00:55:49] "GET /profile/ HTTP/1.1" 200 3290
[22/Aug/2025 00:55:59] "GET /create/ HTTP/1.1" 200 3234
[22/Aug/2025 00:56:06] "GET /create/ HTTP/1.1" 200 3234
[22/Aug/2025 00:56:09] "GET /contact/ HTTP/1.1" 200 3461
[22/Aug/2025 00:56:10] "GET /profile/ HTTP/1.1" 200 3196
[22/Aug/2025 00:56:11] "GET /contact/ HTTP/1.1" 200 3461
[22/Aug/2025 00:56:12] "GET /create/ HTTP/1.1" 200 3234
[22/Aug/2025 00:56:56] "GET /create/ HTTP/1.1" 200 3184
[22/Aug/2025 00:56:58] "GET /create/ HTTP/1.1" 200 3184
[22/Aug/2025 00:57:31] "GET /create/ HTTP/1.1" 200 3184
[22/Aug/2025 00:57:32] "GET /create/ HTTP/1.1" 200 3184
[22/Aug/2025 00:57:34] "GET /create/ HTTP/1.1" 200 3233
[22/Aug/2025 00:57:40] "GET /profile/ HTTP/1.1" 200 3196
[22/Aug/2025 00:57:41] "GET /create/ HTTP/1.1" 200 3233
[22/Aug/2025 00:57:42] "GET /contact/ HTTP/1.1" 200 3461
[22/Aug/2025 00:57:43] "GET /about/ HTTP/1.1" 200 2781
[22/Aug/2025 00:57:43] "GET /posts/ HTTP/1.1" 200 5222
[22/Aug/2025 00:57:44] "GET / HTTP/1.1" 200 4310
[22/Aug/2025 00:57:46] "GET /post/7/ HTTP/1.1" 200 14167
[22/Aug/2025 00:57:48] "GET /edit/7/ HTTP/1.1" 200 8153
[22/Aug/2025 01:00:09] "GET / HTTP/1.1" 200 4310
[22/Aug/2025 01:00:09] "GET /edit/7/ HTTP/1.1" 200 7979
[22/Aug/2025 01:00:11] "GET /post/7/ HTTP/1.1" 200 14167
[22/Aug/2025 01:00:13] "GET /edit/7/ HTTP/1.1" 200 7979
[22/Aug/2025 01:00:17] "POST /edit/7/ HTTP/1.1" 302 0
[22/Aug/2025 01:00:17] "GET /post/7/ HTTP/1.1" 200 14167
[22/Aug/2025 01:00:21] "GET / HTTP/1.1" 200 4310
[22/Aug/2025 01:00:34] "GET /profile/ HTTP/1.1" 200 3196
[22/Aug/2025 01:00:35] "GET /create/ HTTP/1.1" 200 3233
[22/Aug/2025 01:00:38] "GET /contact/ HTTP/1.1" 200 3461
[22/Aug/2025 01:00:40] "GET /about/ HTTP/1.1" 200 2781
[22/Aug/2025 01:01:31] "GET /about/ HTTP/1.1" 200 2781
[22/Aug/2025 01:01:33] "GET /about/ HTTP/1.1" 200 2781
[22/Aug/2025 01:01:34] "GET /about/ HTTP/1.1" 200 2781
[22/Aug/2025 01:01:35] "GET / HTTP/1.1" 200 4310
[22/Aug/2025 01:01:36] "GET /posts/ HTTP/1.1" 200 5222
[22/Aug/2025 01:01:36] "GET /about/ HTTP/1.1" 200 2781
[22/Aug/2025 01:01:37] "GET /contact/ HTTP/1.1" 200 3461
[22/Aug/2025 01:01:39] "GET /about/ HTTP/1.1" 200 2781
/home/ubuntu/Django_project/myblog/myblog/urls.py changed, reloading.
Performing system checks...

System check identified no issues (0 silenced).
August 22, 2025 - 00:49:58
Django version 5.2.5, using settings 'myblog.settings'
Starting development server at http://0.0.0.0:8000/
Quit the server with CONTROL-C.

WARNING: This is a development server. Do not use it in a production setting. Use a production WSGI or ASGI server instead.
For more information on production servers see: https://docs.djangoproject.com/en/5.2/howto/deployment/
Watching for file changes with StatReloader
[22/Aug/2025 01:03:05] "GET /about/ HTTP/1.1" 200 2781
[22/Aug/2025 01:03:06] "GET /about/ HTTP/1.1" 200 2781
[22/Aug/2025 01:03:07] "GET /about/ HTTP/1.1" 200 2781
[22/Aug/2025 01:03:07] "GET /about/ HTTP/1.1" 200 2781
[22/Aug/2025 01:03:23] "GET /about/ HTTP/1.1" 200 2781
/home/ubuntu/Django_project/myblog/myblog/urls.py changed, reloading.
Performing system checks...

System check identified no issues (0 silenced).
August 22, 2025 - 01:02:50
Django version 5.2.5, using settings 'myblog.settings'
Starting development server at http://0.0.0.0:8000/
Quit the server with CONTROL-C.

WARNING: This is a development server. Do not use it in a production setting. Use a production WSGI or ASGI server instead.
For more information on production servers see: https://docs.djangoproject.com/en/5.2/howto/deployment/
Watching for file changes with StatReloader
[22/Aug/2025 01:05:54] "GET /about/ HTTP/1.1" 200 2781
[22/Aug/2025 01:05:55] "GET /about/ HTTP/1.1" 200 2781
/home/ubuntu/Django_project/myblog/myblog/urls.py changed, reloading.
Performing system checks...

System check identified no issues (0 silenced).
August 22, 2025 - 01:03:47
Django version 5.2.5, using settings 'myblog.settings'
Starting development server at http://0.0.0.0:8000/
Quit the server with CONTROL-C.

WARNING: This is a development server. Do not use it in a production setting. Use a production WSGI or ASGI server instead.
For more information on production servers see: https://docs.djangoproject.com/en/5.2/howto/deployment/
Watching for file changes with StatReloader
[22/Aug/2025 01:06:01] "GET /about/ HTTP/1.1" 200 2781
[22/Aug/2025 01:06:02] "GET /about/ HTTP/1.1" 200 2781
/home/ubuntu/Django_project/myblog/myblog/urls.py changed, reloading.
Performing system checks...

System check identified no issues (0 silenced).
August 22, 2025 - 01:05:58
Django version 5.2.5, using settings 'myblog.settings'
Starting development server at http://0.0.0.0:8000/
Quit the server with CONTROL-C.

WARNING: This is a development server. Do not use it in a production setting. Use a production WSGI or ASGI server instead.
For more information on production servers see: https://docs.djangoproject.com/en/5.2/howto/deployment/
Watching for file changes with StatReloader
[22/Aug/2025 01:06:25] "GET /about/ HTTP/1.1" 200 2781
[22/Aug/2025 01:06:26] "GET /about/ HTTP/1.1" 200 2781
[22/Aug/2025 01:06:26] "GET /about/ HTTP/1.1" 200 2781
[22/Aug/2025 01:06:26] "GET /about/ HTTP/1.1" 200 2781
[22/Aug/2025 01:06:27] "GET /about/ HTTP/1.1" 200 2781
[22/Aug/2025 01:06:27] "GET /about/ HTTP/1.1" 200 2781
/home/ubuntu/Django_project/myblog/myblog/urls.py changed, reloading.
Performing system checks...

System check identified no issues (0 silenced).
August 22, 2025 - 01:06:03
Django version 5.2.5, using settings 'myblog.settings'
Starting development server at http://0.0.0.0:8000/
Quit the server with CONTROL-C.

WARNING: This is a development server. Do not use it in a production setting. Use a production WSGI or ASGI server instead.
For more information on production servers see: https://docs.djangoproject.com/en/5.2/howto/deployment/
Watching for file changes with StatReloader
[22/Aug/2025 01:07:26] "GET / HTTP/1.1" 200 4298
/home/ubuntu/Django_project/myblog/myblog/urls.py changed, reloading.
Performing system checks...

System check identified no issues (0 silenced).
August 22, 2025 - 01:06:38
Django version 5.2.5, using settings 'myblog.settings'
Starting development server at http://0.0.0.0:8000/
Quit the server with CONTROL-C.

WARNING: This is a development server. Do not use it in a production setting. Use a production WSGI or ASGI server instead.
For more information on production servers see: https://docs.djangoproject.com/en/5.2/howto/deployment/
Watching for file changes with StatReloader
[22/Aug/2025 01:07:29] "GET /posts/ HTTP/1.1" 200 5222
/home/ubuntu/Django_project/myblog/myblog/urls.py changed, reloading.
Performing system checks...

System check identified no issues (0 silenced).
August 22, 2025 - 01:07:29
Django version 5.2.5, using settings 'myblog.settings'
Starting development server at http://0.0.0.0:8000/
Quit the server with CONTROL-C.

WARNING: This is a development server. Do not use it in a production setting. Use a production WSGI or ASGI server instead.
For more information on production servers see: https://docs.djangoproject.com/en/5.2/howto/deployment/
Watching for file changes with StatReloader
[22/Aug/2025 01:07:33] "GET /about/ HTTP/1.1" 200 2781
[22/Aug/2025 01:07:35] "GET /contact/ HTTP/1.1" 200 3461
[22/Aug/2025 01:07:35] "GET /profile/ HTTP/1.1" 200 3383
Not Found: /design_documents/images/re1-1.png
[22/Aug/2025 01:07:36] "GET /design_documents/images/re1-1.png HTTP/1.1" 404 7038
[22/Aug/2025 01:07:37] "GET /create/ HTTP/1.1" 200 3233
[22/Aug/2025 01:07:37] "GET /profile/ HTTP/1.1" 200 3383
Not Found: /design_documents/images/re1-1.png
[22/Aug/2025 01:07:37] "GET /design_documents/images/re1-1.png HTTP/1.1" 404 7038
[22/Aug/2025 01:07:38] "GET /contact/ HTTP/1.1" 200 3461
[22/Aug/2025 01:07:39] "GET /about/ HTTP/1.1" 200 2781
[22/Aug/2025 01:07:40] "GET /about/ HTTP/1.1" 200 2781
[22/Aug/2025 01:07:40] "GET /about/ HTTP/1.1" 200 2781
/home/ubuntu/Django_project/myblog/myblog/urls.py changed, reloading.
Performing system checks...

System check identified no issues (0 silenced).
August 22, 2025 - 01:07:32
Django version 5.2.5, using settings 'myblog.settings'
Starting development server at http://0.0.0.0:8000/
Quit the server with CONTROL-C.

WARNING: This is a development server. Do not use it in a production setting. Use a production WSGI or ASGI server instead.
For more information on production servers see: https://docs.djangoproject.com/en/5.2/howto/deployment/
Watching for file changes with StatReloader
[22/Aug/2025 01:07:52] "GET /posts/ HTTP/1.1" 200 5222
[22/Aug/2025 01:07:54] "GET / HTTP/1.1" 200 4310
[22/Aug/2025 01:07:55] "GET /posts/ HTTP/1.1" 200 5222
[22/Aug/2025 01:08:17] "GET / HTTP/1.1" 200 4310
[22/Aug/2025 01:08:21] "GET / HTTP/1.1" 200 4310
[22/Aug/2025 01:08:27] "GET /posts/ HTTP/1.1" 200 5222
[22/Aug/2025 01:09:08] "GET /posts/ HTTP/1.1" 200 5222
[22/Aug/2025 01:09:09] "GET / HTTP/1.1" 200 4310
[22/Aug/2025 01:09:10] "GET /posts/ HTTP/1.1" 200 5222
[22/Aug/2025 01:09:19] "GET /posts/ HTTP/1.1" 200 5222
[22/Aug/2025 01:09:35] "GET / HTTP/1.1" 200 4310
[22/Aug/2025 01:09:36] "GET /posts/ HTTP/1.1" 200 5222
/home/ubuntu/Django_project/myblog/blog/views.py changed, reloading.
Performing system checks...

System check identified no issues (0 silenced).
August 22, 2025 - 01:07:46
Django version 5.2.5, using settings 'myblog.settings'
Starting development server at http://0.0.0.0:8000/
Quit the server with CONTROL-C.

WARNING: This is a development server. Do not use it in a production setting. Use a production WSGI or ASGI server instead.
For more information on production servers see: https://docs.djangoproject.com/en/5.2/howto/deployment/
Watching for file changes with StatReloader
[22/Aug/2025 01:11:48] "GET /posts/ HTTP/1.1" 200 5222
[22/Aug/2025 01:11:50] "GET / HTTP/1.1" 200 4310
[22/Aug/2025 01:11:51] "GET /posts/ HTTP/1.1" 200 5222
/home/ubuntu/Django_project/myblog/myblog/urls.py changed, reloading.
Performing system checks...

System check identified no issues (0 silenced).
August 22, 2025 - 01:09:54
Django version 5.2.5, using settings 'myblog.settings'
Starting development server at http://0.0.0.0:8000/
Quit the server with CONTROL-C.

WARNING: This is a development server. Do not use it in a production setting. Use a production WSGI or ASGI server instead.
For more information on production servers see: https://docs.djangoproject.com/en/5.2/howto/deployment/
Watching for file changes with StatReloader
[22/Aug/2025 01:12:40] "GET /posts/ HTTP/1.1" 200 5172
[22/Aug/2025 01:14:04] "GET /posts/ HTTP/1.1" 200 5172
[22/Aug/2025 01:14:05] "GET / HTTP/1.1" 200 4310
[22/Aug/2025 01:14:06] "GET /post/7/ HTTP/1.1" 200 14117
[22/Aug/2025 01:14:09] "GET /edit/7/ HTTP/1.1" 200 8517
[22/Aug/2025 01:14:14] "GET / HTTP/1.1" 200 4310
[22/Aug/2025 01:14:17] "GET /posts/ HTTP/1.1" 200 5172
[22/Aug/2025 01:14:19] "GET /about/ HTTP/1.1" 200 2781
[22/Aug/2025 01:14:22] "GET /posts/ HTTP/1.1" 200 5172
[22/Aug/2025 01:14:54] "GET /posts/ HTTP/1.1" 200 5172
[22/Aug/2025 01:14:55] "GET /posts/ HTTP/1.1" 200 5172
[22/Aug/2025 01:14:59] "GET /posts/ HTTP/1.1" 200 5172
[22/Aug/2025 01:15:00] "GET /posts/ HTTP/1.1" 200 5301
[22/Aug/2025 01:15:01] "GET /posts/ HTTP/1.1" 200 5301
[22/Aug/2025 01:15:06] "GET /posts/ HTTP/1.1" 200 5301
[22/Aug/2025 01:15:17] "GET /posts/ HTTP/1.1" 200 5558
[22/Aug/2025 01:15:24] "GET /posts/ HTTP/1.1" 200 5558
[22/Aug/2025 01:15:28] "GET /create/ HTTP/1.1" 200 3233
[22/Aug/2025 01:15:33] "GET /posts/ HTTP/1.1" 200 5558
Not Found: /design_documents/images/re1-1.png
[22/Aug/2025 01:15:33] "GET /design_documents/images/re1-1.png HTTP/1.1" 404 6478
[22/Aug/2025 01:15:38] "GET /create/ HTTP/1.1" 200 3233
[22/Aug/2025 01:15:44] "POST /create/ HTTP/1.1" 302 0
[22/Aug/2025 01:15:44] "GET /posts/ HTTP/1.1" 200 5903
[22/Aug/2025 01:15:47] "GET /posts/ HTTP/1.1" 200 5903
[22/Aug/2025 01:15:50] "GET /posts/ HTTP/1.1" 200 5903
[22/Aug/2025 01:16:52] "GET /posts/ HTTP/1.1" 200 5936
[22/Aug/2025 01:17:05] "GET /contact/ HTTP/1.1" 200 3461
[22/Aug/2025 01:17:08] "GET /profile/ HTTP/1.1" 200 3196
[22/Aug/2025 01:17:10] "GET /about/ HTTP/1.1" 200 2781
[22/Aug/2025 01:17:25] "GET /about/ HTTP/1.1" 200 2781
[22/Aug/2025 01:17:26] "GET /about/ HTTP/1.1" 200 2781
[22/Aug/2025 01:17:27] "GET /about/ HTTP/1.1" 200 2781
[22/Aug/2025 01:17:27] "GET /about/ HTTP/1.1" 200 2781
[22/Aug/2025 01:17:28] "GET /about/ HTTP/1.1" 200 2781
[22/Aug/2025 01:17:28] "GET /about/ HTTP/1.1" 200 2781
[22/Aug/2025 01:17:46] "GET /about/ HTTP/1.1" 200 4422
[22/Aug/2025 01:18:00] "GET / HTTP/1.1" 200 4313
[22/Aug/2025 01:18:04] "GET /about/ HTTP/1.1" 200 4916
[22/Aug/2025 01:19:32] "GET /contact/ HTTP/1.1" 200 3461
[22/Aug/2025 01:19:35] "GET /about/ HTTP/1.1" 200 4916
[22/Aug/2025 01:19:37] "GET / HTTP/1.1" 200 4313
[22/Aug/2025 01:19:38] "GET /about/ HTTP/1.1" 200 4916
[22/Aug/2025 01:19:54] "GET / HTTP/1.1" 200 4800
[22/Aug/2025 01:20:00] "GET /posts/ HTTP/1.1" 200 5936
[22/Aug/2025 01:20:02] "GET / HTTP/1.1" 200 4800
[22/Aug/2025 01:20:08] "GET /about/ HTTP/1.1" 200 4916
[22/Aug/2025 01:20:24] "GET /posts/ HTTP/1.1" 200 6482
[22/Aug/2025 01:20:36] "GET /contact/ HTTP/1.1" 200 3948
[22/Aug/2025 01:20:38] "GET /profile/ HTTP/1.1" 200 3196
[22/Aug/2025 01:20:39] "GET /create/ HTTP/1.1" 200 3233
[22/Aug/2025 01:20:40] "GET /contact/ HTTP/1.1" 200 3948
[22/Aug/2025 01:20:59] "GET /profile/ HTTP/1.1" 200 3683
[22/Aug/2025 01:21:15] "GET /create/ HTTP/1.1" 200 3720
[22/Aug/2025 01:21:17] "GET /profile/ HTTP/1.1" 200 3683
[22/Aug/2025 01:21:18] "GET /contact/ HTTP/1.1" 200 3948
[22/Aug/2025 01:21:18] "GET /about/ HTTP/1.1" 200 4916
[22/Aug/2025 01:21:19] "GET /posts/ HTTP/1.1" 200 6482
[22/Aug/2025 01:21:20] "GET / HTTP/1.1" 200 4800
[22/Aug/2025 01:21:24] "GET /profile/ HTTP/1.1" 200 3683
[22/Aug/2025 01:21:28] "GET /create/ HTTP/1.1" 200 3720
[22/Aug/2025 01:21:30] "GET /create/ HTTP/1.1" 200 3720
[22/Aug/2025 01:21:31] "GET /contact/ HTTP/1.1" 200 3948
[22/Aug/2025 01:22:13] "GET / HTTP/1.1" 200 4800
[22/Aug/2025 01:22:15] "GET /post/8/ HTTP/1.1" 200 8619
[22/Aug/2025 01:22:19] "GET /post/8/ HTTP/1.1" 200 8619
[22/Aug/2025 01:22:33] "GET / HTTP/1.1" 200 4800
[22/Aug/2025 01:22:34] "GET /posts/ HTTP/1.1" 200 6482
[22/Aug/2025 01:22:35] "GET /about/ HTTP/1.1" 200 4916
[22/Aug/2025 01:22:37] "GET / HTTP/1.1" 200 4800
[22/Aug/2025 01:22:38] "GET /post/8/ HTTP/1.1" 200 8619
[22/Aug/2025 01:22:59] "GET /post/8/ HTTP/1.1" 200 8619
[22/Aug/2025 01:23:13] "GET /post/8/ HTTP/1.1" 200 8619
[22/Aug/2025 01:23:19] "GET /post/8/ HTTP/1.1" 200 8619
[22/Aug/2025 01:23:21] "GET /post/8/ HTTP/1.1" 200 8619
[22/Aug/2025 01:23:35] "GET /post/8/ HTTP/1.1" 200 8619
[22/Aug/2025 01:23:36] "GET /post/8/ HTTP/1.1" 200 8619
[22/Aug/2025 01:23:50] "GET /posts/ HTTP/1.1" 200 6482
[22/Aug/2025 01:23:54] "GET /post/8/ HTTP/1.1" 200 8619
[22/Aug/2025 01:23:57] "GET /edit/8/ HTTP/1.1" 200 3184
[22/Aug/2025 01:24:00] "GET / HTTP/1.1" 200 4800
[22/Aug/2025 01:24:01] "GET / HTTP/1.1" 200 4800
[22/Aug/2025 01:25:03] "GET /post/8/ HTTP/1.1" 200 9253
[22/Aug/2025 01:25:33] "GET /post/8/ HTTP/1.1" 200 9253
[22/Aug/2025 01:25:36] "GET / HTTP/1.1" 200 4800
[22/Aug/2025 01:25:36] "GET /post/8/ HTTP/1.1" 200 8973
[22/Aug/2025 01:27:23] "GET / HTTP/1.1" 200 4800
[22/Aug/2025 01:27:27] "GET /profile/ HTTP/1.1" 200 3683
Method Not Allowed (GET): /logout/
[22/Aug/2025 01:27:30] "GET /logout/ HTTP/1.1" 405 0
Method Not Allowed (GET): /logout/
[22/Aug/2025 01:27:32] "GET /logout/ HTTP/1.1" 405 0
Method Not Allowed (GET): /logout/
[22/Aug/2025 01:27:40] "GET /logout/ HTTP/1.1" 405 0
Method Not Allowed (GET): /logout/
[22/Aug/2025 01:27:41] "GET /logout/ HTTP/1.1" 405 0
Method Not Allowed (GET): /logout/
[22/Aug/2025 01:27:42] "GET /logout/ HTTP/1.1" 405 0
Method Not Allowed (GET): /logout/
[22/Aug/2025 01:27:42] "GET /logout/ HTTP/1.1" 405 0
Method Not Allowed (GET): /logout/
[22/Aug/2025 01:27:42] "GET /logout/ HTTP/1.1" 405 0
Method Not Allowed (GET): /logout/
[22/Aug/2025 01:27:42] "GET /logout/ HTTP/1.1" 405 0
Method Not Allowed (GET): /logout/
[22/Aug/2025 01:27:43] "GET /logout/ HTTP/1.1" 405 0
Method Not Allowed (GET): /logout/
[22/Aug/2025 01:27:43] "GET /logout/ HTTP/1.1" 405 0
Method Not Allowed (GET): /logout/
[22/Aug/2025 01:27:43] "GET /logout/ HTTP/1.1" 405 0
Method Not Allowed (GET): /logout/
[22/Aug/2025 01:27:44] "GET /logout/ HTTP/1.1" 405 0
Method Not Allowed (GET): /logout/
[22/Aug/2025 01:27:44] "GET /logout/ HTTP/1.1" 405 0
Method Not Allowed (GET): /logout/
[22/Aug/2025 01:27:44] "GET /logout/ HTTP/1.1" 405 0
Method Not Allowed (GET): /logout/
[22/Aug/2025 01:27:44] "GET /logout/ HTTP/1.1" 405 0
Method Not Allowed (GET): /logout/
[22/Aug/2025 01:27:45] "GET /logout/ HTTP/1.1" 405 0
Method Not Allowed (GET): /logout/
[22/Aug/2025 01:27:46] "GET /logout/ HTTP/1.1" 405 0
Method Not Allowed (GET): /logout/
[22/Aug/2025 01:27:49] "GET /logout/ HTTP/1.1" 405 0
Method Not Allowed (GET): /logout/
[22/Aug/2025 01:27:51] "GET /logout/ HTTP/1.1" 405 0
Method Not Allowed (GET): /logout/
[22/Aug/2025 01:27:51] "GET /logout/ HTTP/1.1" 405 0
Method Not Allowed (GET): /logout/
[22/Aug/2025 01:28:35] "GET /logout/ HTTP/1.1" 405 0
[22/Aug/2025 01:28:37] "GET / HTTP/1.1" 200 4800
[22/Aug/2025 01:28:37] "GET /posts/ HTTP/1.1" 200 6482
[22/Aug/2025 01:28:38] "GET /profile/ HTTP/1.1" 200 3683
[22/Aug/2025 01:28:39] "GET /create/ HTTP/1.1" 200 3720
[22/Aug/2025 01:28:41] "GET /profile/ HTTP/1.1" 200 3683
[22/Aug/2025 01:28:41] "GET /contact/ HTTP/1.1" 200 3948
[22/Aug/2025 01:28:42] "GET /about/ HTTP/1.1" 200 4916
[22/Aug/2025 01:29:42] "GET / HTTP/1.1" 200 5337
[22/Aug/2025 01:29:44] "GET /profile/ HTTP/1.1" 200 3949
[22/Aug/2025 01:29:46] "GET / HTTP/1.1" 200 5337
[22/Aug/2025 01:29:48] "GET /posts/ HTTP/1.1" 200 6482
[22/Aug/2025 01:29:49] "GET /about/ HTTP/1.1" 200 4916
[22/Aug/2025 01:29:49] "GET /contact/ HTTP/1.1" 200 3948
[22/Aug/2025 01:29:50] "GET /profile/ HTTP/1.1" 200 3949
[22/Aug/2025 01:29:51] "POST /logout/ HTTP/1.1" 302 0
[22/Aug/2025 01:29:51] "GET / HTTP/1.1" 200 4788
[22/Aug/2025 01:29:54] "GET /login/ HTTP/1.1" 200 3659
[22/Aug/2025 01:29:58] "POST /login/ HTTP/1.1" 302 0
[22/Aug/2025 01:29:58] "GET / HTTP/1.1" 200 5337
[22/Aug/2025 01:30:01] "GET /profile/ HTTP/1.1" 200 3949
[22/Aug/2025 01:30:04] "GET /posts/ HTTP/1.1" 200 6482
[22/Aug/2025 01:30:11] "GET /profile/ HTTP/1.1" 200 3949
[22/Aug/2025 01:31:22] "GET / HTTP/1.1" 200 5337
[22/Aug/2025 01:31:25] "GET /posts/ HTTP/1.1" 200 6482
[22/Aug/2025 01:31:27] "GET / HTTP/1.1" 200 5337
[22/Aug/2025 01:31:31] "GET /post/8/ HTTP/1.1" 200 9790
[22/Aug/2025 01:32:29] "GET / HTTP/1.1" 200 4800
[22/Aug/2025 01:32:30] "GET / HTTP/1.1" 200 4800
[22/Aug/2025 01:32:31] "GET /posts/ HTTP/1.1" 200 6482
[22/Aug/2025 01:32:32] "GET /about/ HTTP/1.1" 200 4916
[22/Aug/2025 01:32:33] "GET /contact/ HTTP/1.1" 200 3948
[22/Aug/2025 01:32:35] "GET /profile/ HTTP/1.1" 200 3949
[22/Aug/2025 01:32:35] "GET /create/ HTTP/1.1" 200 3720
[22/Aug/2025 01:33:12] "GET /profile/ HTTP/1.1" 200 3977
[22/Aug/2025 01:33:13] "GET /create/ HTTP/1.1" 200 3748
[22/Aug/2025 01:33:14] "GET /contact/ HTTP/1.1" 200 3948
[22/Aug/2025 01:33:18] "GET /about/ HTTP/1.1" 200 4916
[22/Aug/2025 01:33:20] "GET /contact/ HTTP/1.1" 200 3948
[22/Aug/2025 01:34:08] "GET /posts/ HTTP/1.1" 200 6482
[22/Aug/2025 01:34:08] "GET /edit/8/ HTTP/1.1" 302 0
[22/Aug/2025 01:34:10] "GET /about/ HTTP/1.1" 200 4916
[22/Aug/2025 01:34:11] "GET / HTTP/1.1" 200 4800
[22/Aug/2025 01:34:55] "GET /posts/ HTTP/1.1" 200 6510
[22/Aug/2025 01:34:57] "GET /posts/ HTTP/1.1" 200 6510
[22/Aug/2025 01:34:58] "GET /posts/ HTTP/1.1" 200 6510
[22/Aug/2025 01:35:00] "GET / HTTP/1.1" 200 4800
[22/Aug/2025 01:35:01] "GET /posts/ HTTP/1.1" 200 6510
[22/Aug/2025 01:35:03] "GET / HTTP/1.1" 200 4613
[22/Aug/2025 01:35:18] "GET / HTTP/1.1" 200 4613
[22/Aug/2025 01:35:42] "GET / HTTP/1.1" 200 4641
[22/Aug/2025 01:36:07] "GET /posts/ HTTP/1.1" 200 6510
[22/Aug/2025 01:36:12] "GET / HTTP/1.1" 200 4641
[22/Aug/2025 01:36:17] "GET / HTTP/1.1" 200 4960
[22/Aug/2025 01:36:23] "GET / HTTP/1.1" 200 5218
[22/Aug/2025 01:36:37] "GET /posts/ HTTP/1.1" 200 6510
[22/Aug/2025 01:36:38] "GET / HTTP/1.1" 200 5218
[22/Aug/2025 01:37:21] "GET / HTTP/1.1" 200 4899
[22/Aug/2025 01:37:22] "GET / HTTP/1.1" 200 4899
[22/Aug/2025 01:37:23] "GET / HTTP/1.1" 200 4899
[22/Aug/2025 01:37:24] "GET / HTTP/1.1" 200 4899
[22/Aug/2025 01:37:25] "GET / HTTP/1.1" 200 4899
[22/Aug/2025 01:37:25] "GET / HTTP/1.1" 200 4899
[22/Aug/2025 01:37:26] "GET / HTTP/1.1" 200 4899
[22/Aug/2025 01:37:31] "GET / HTTP/1.1" 200 4641
[22/Aug/2025 01:37:35] "GET / HTTP/1.1" 200 4641
[22/Aug/2025 01:37:35] "GET / HTTP/1.1" 200 4641
[22/Aug/2025 01:37:36] "GET / HTTP/1.1" 200 4641
[22/Aug/2025 01:37:49] "GET / HTTP/1.1" 200 4641
[22/Aug/2025 01:37:50] "GET / HTTP/1.1" 200 4641
[22/Aug/2025 01:37:51] "GET / HTTP/1.1" 200 4641
[22/Aug/2025 01:37:52] "GET / HTTP/1.1" 200 4641
[22/Aug/2025 01:38:02] "GET / HTTP/1.1" 200 5330
[22/Aug/2025 01:38:02] "GET / HTTP/1.1" 200 5330
[22/Aug/2025 01:38:19] "GET / HTTP/1.1" 200 5588
[22/Aug/2025 01:38:26] "GET /posts/ HTTP/1.1" 200 6510
[22/Aug/2025 01:38:27] "GET /about/ HTTP/1.1" 200 4916
[22/Aug/2025 01:38:33] "GET / HTTP/1.1" 200 5588
[22/Aug/2025 01:38:58] "GET / HTTP/1.1" 200 5588
[22/Aug/2025 01:38:59] "GET / HTTP/1.1" 200 5588
[22/Aug/2025 01:39:25] "GET / HTTP/1.1" 200 7619
[22/Aug/2025 01:39:33] "GET / HTTP/1.1" 200 7678
[22/Aug/2025 01:39:36] "GET / HTTP/1.1" 200 7678
[22/Aug/2025 01:39:37] "GET /posts/ HTTP/1.1" 200 6510
[22/Aug/2025 01:39:38] "GET / HTTP/1.1" 200 8643
[22/Aug/2025 01:39:55] "GET / HTTP/1.1" 200 9400
[22/Aug/2025 01:40:04] "GET /posts/ HTTP/1.1" 200 6510
[22/Aug/2025 01:40:06] "GET /about/ HTTP/1.1" 200 4916
[22/Aug/2025 01:40:12] "GET /about/ HTTP/1.1" 200 4916
[22/Aug/2025 01:40:12] "GET /contact/ HTTP/1.1" 200 3948
[22/Aug/2025 01:40:13] "GET /profile/ HTTP/1.1" 200 3977
[22/Aug/2025 01:40:13] "GET /create/ HTTP/1.1" 200 3748
[22/Aug/2025 01:40:14] "GET / HTTP/1.1" 200 9400
[22/Aug/2025 01:40:25] "GET /posts/ HTTP/1.1" 200 6510
[22/Aug/2025 01:40:27] "GET / HTTP/1.1" 200 9400
[22/Aug/2025 01:41:38] "GET / HTTP/1.1" 200 5588
